3 3
521  1042  2084  
302  604  1208  
83  166  332  
